Guitar | ModelName | 2000 | false | false | null | null | Invalid | 0
